// Jest Snapshot v1, https://goo.gl/fbAQLP

exports[`Pruebas del componente Home Integridad del componente 1`] = `
<div
  className="root"
>
  <div>
    <div
      className="MuiCircularProgress-root MuiCircularProgress-colorSecondary MuiCircularProgress-indeterminate"
      role="progressbar"
      style={
        Object {
          "height": 100,
          "width": 100,
        }
      }
    >
      <svg
        className="MuiCircularProgress-svg"
        viewBox="22 22 44 44"
      >
        <circle
          className="MuiCircularProgress-circle MuiCircularProgress-circleIndeterminate"
          cx={44}
          cy={44}
          fill="none"
          r={20.2}
          strokeWidth={3.6}
          style={Object {}}
        />
      </svg>
    </div>
    <h6
      className="MuiTypography-root MuiTypography-h6"
    >
      Cargando..
    </h6>
  </div>
</div>
`;
